Archive member included to satisfy reference by file (symbol)

c:/arduino-1.8.19/hardware/tools/avr/bin/../lib/gcc/avr/7.3.0/avr5\libgcc.a(_udivmodhi4.o)
                              C:\RTprog2023\obj\hal_robo.o (__udivmodhi4)
c:/arduino-1.8.19/hardware/tools/avr/bin/../lib/gcc/avr/7.3.0/avr5\libgcc.a(_divmodhi4.o)
                              C:\RTprog2023\obj\hal_robo.o (__divmodhi4)
c:/arduino-1.8.19/hardware/tools/avr/bin/../lib/gcc/avr/7.3.0/avr5\libgcc.a(_udivmodsi4.o)
                              C:\RTprog2023\obj\kernel.o (__udivmodsi4)
c:/arduino-1.8.19/hardware/tools/avr/bin/../lib/gcc/avr/7.3.0/avr5\libgcc.a(_exit.o)
                              c:/arduino-1.8.19/hardware/tools/avr/bin/../lib/gcc/avr/7.3.0/../../../../avr/lib/avr5/crtatmega328p.o (exit)
c:/arduino-1.8.19/hardware/tools/avr/bin/../lib/gcc/avr/7.3.0/avr5\libgcc.a(_copy_data.o)
                              C:\RTprog2023\obj\hal_robo.o (__do_copy_data)
c:/arduino-1.8.19/hardware/tools/avr/bin/../lib/gcc/avr/7.3.0/avr5\libgcc.a(_clear_bss.o)
                              robosample.o (__do_clear_bss)
c:/arduino-1.8.19/hardware/tools/avr/bin/../lib/gcc/avr/7.3.0/avr5\libgcc.a(_umulhisi3.o)
                              C:\RTprog2023\obj\kernel.o (__umulhisi3)
c:/arduino-1.8.19/hardware/tools/avr/bin/../lib/gcc/avr/7.3.0/avr5\libgcc.a(_muluhisi3.o)
                              C:\RTprog2023\obj\kernel.o (__muluhisi3)

Allocating common symbols
Common symbol       size              file

ChkCollideStk       0x80              robosample.o
OSLockNesting       0x1               C:\RTprog2023\obj\kernel.o
OSRunning           0x1               C:\RTprog2023\obj\kernel.o
OSIdleCtr           0x4               C:\RTprog2023\obj\kernel.o
OSPrioHighRdy       0x1               C:\RTprog2023\obj\kernel.o
OSPrioCur           0x1               C:\RTprog2023\obj\kernel.o
OSTCBList           0x2               C:\RTprog2023\obj\kernel.o
OSCtxSwCtr          0x4               C:\RTprog2023\obj\kernel.o
myrobot             0x5               robosample.o
rightWst            0x4               C:\RTprog2023\obj\hal_robo.o
OSTCBFreeList       0x2               C:\RTprog2023\obj\kernel.o
OSTaskCtr           0x1               C:\RTprog2023\obj\kernel.o
leftWst             0x4               C:\RTprog2023\obj\hal_robo.o
CtrlmotorStk        0x80              robosample.o
OSTCBHighRdy        0x2               C:\RTprog2023\obj\kernel.o
OSRdyGrp            0x1               C:\RTprog2023\obj\kernel.o
OSRdyTbl            0x3               C:\RTprog2023\obj\kernel.o
OSIntExitY          0x1               C:\RTprog2023\obj\kernel.o
OSIntNesting        0x1               C:\RTprog2023\obj\kernel.o
TaskStartStk        0x80              robosample.o
OSTCBCur            0x2               C:\RTprog2023\obj\kernel.o
OSTaskIdleStk       0x40              C:\RTprog2023\obj\kernel.o
OSTCBTbl            0xff              C:\RTprog2023\obj\kernel.o
LineStk             0x80              robosample.o
OSTCBPrioTbl        0x22              C:\RTprog2023\obj\kernel.o
NavigStk            0x80              robosample.o

Memory Configuration

Name             Origin             Length             Attributes
text             0x00000000         0x00002000         xr
data             0x00800060         0x0000ffa0         rw !x
eeprom           0x00810000         0x00010000         rw !x
fuse             0x00820000         0x00000400         rw !x
lock             0x00830000         0x00000400         rw !x
signature        0x00840000         0x00000400         rw !x
user_signatures  0x00850000         0x00000400         rw !x
*default*        0x00000000         0xffffffff

Linker script and memory map

Address of section .data set to 0x800100
LOAD c:/arduino-1.8.19/hardware/tools/avr/bin/../lib/gcc/avr/7.3.0/../../../../avr/lib/avr5/crtatmega328p.o
LOAD robosample.o
LOAD C:\RTprog2023\obj\hal_robo.o
LOAD C:\RTprog2023\obj\kernel.o
START GROUP
LOAD c:/arduino-1.8.19/hardware/tools/avr/bin/../lib/gcc/avr/7.3.0/avr5\libgcc.a
LOAD c:/arduino-1.8.19/hardware/tools/avr/bin/../lib/gcc/avr/7.3.0/../../../../avr/lib/avr5\libm.a
LOAD c:/arduino-1.8.19/hardware/tools/avr/bin/../lib/gcc/avr/7.3.0/../../../../avr/lib/avr5\libc.a
LOAD c:/arduino-1.8.19/hardware/tools/avr/bin/../lib/gcc/avr/7.3.0/../../../../avr/lib/avr5\libatmega328p.a
END GROUP
                [0x00002000]                __TEXT_REGION_LENGTH__ = DEFINED (__TEXT_REGION_LENGTH__)?__TEXT_REGION_LENGTH__:0x20000
                [0x0000ffa0]                __DATA_REGION_LENGTH__ = DEFINED (__DATA_REGION_LENGTH__)?__DATA_REGION_LENGTH__:0xffa0
                [0x00010000]                __EEPROM_REGION_LENGTH__ = DEFINED (__EEPROM_REGION_LENGTH__)?__EEPROM_REGION_LENGTH__:0x10000
                [0x00000400]                __FUSE_REGION_LENGTH__ = DEFINED (__FUSE_REGION_LENGTH__)?__FUSE_REGION_LENGTH__:0x400
                [0x00000400]                __LOCK_REGION_LENGTH__ = DEFINED (__LOCK_REGION_LENGTH__)?__LOCK_REGION_LENGTH__:0x400
                [0x00000400]                __SIGNATURE_REGION_LENGTH__ = DEFINED (__SIGNATURE_REGION_LENGTH__)?__SIGNATURE_REGION_LENGTH__:0x400
                [0x00000400]                __USER_SIGNATURE_REGION_LENGTH__ = DEFINED (__USER_SIGNATURE_REGION_LENGTH__)?__USER_SIGNATURE_REGION_LENGTH__:0x400
                [0x00800060]                __DATA_REGION_ORIGIN__ = DEFINED (__DATA_REGION_ORIGIN__)?__DATA_REGION_ORIGIN__:0x800060

.hash
 *(.hash)

.dynsym
 *(.dynsym)

.dynstr
 *(.dynstr)

.gnu.version
 *(.gnu.version)

.gnu.version_d
 *(.gnu.version_d)

.gnu.version_r
 *(.gnu.version_r)

.rel.init
 *(.rel.init)

.rela.init
 *(.rela.init)

.rel.text
 *(.rel.text)
 *(.rel.text.*)
 *(.rel.gnu.linkonce.t*)

.rela.text
 *(.rela.text)
 *(.rela.text.*)
 *(.rela.gnu.linkonce.t*)

.rel.fini
 *(.rel.fini)

.rela.fini
 *(.rela.fini)

.rel.rodata
 *(.rel.rodata)
 *(.rel.rodata.*)
 *(.rel.gnu.linkonce.r*)

.rela.rodata
 *(.rela.rodata)
 *(.rela.rodata.*)
 *(.rela.gnu.linkonce.r*)

.rel.data
 *(.rel.data)
 *(.rel.data.*)
 *(.rel.gnu.linkonce.d*)

.rela.data
 *(.rela.data)
 *(.rela.data.*)
 *(.rela.gnu.linkonce.d*)

.rel.ctors
 *(.rel.ctors)

.rela.ctors
 *(.rela.ctors)

.rel.dtors
 *(.rel.dtors)

.rela.dtors
 *(.rela.dtors)

.rel.got
 *(.rel.got)

.rela.got
 *(.rela.got)

.rel.bss
 *(.rel.bss)

.rela.bss
 *(.rela.bss)

.rel.plt
 *(.rel.plt)

.rela.plt
 *(.rela.plt)

.text           0x00000000     0x1192
 *(.vectors)
 .vectors       0x00000000       0x68 c:/arduino-1.8.19/hardware/tools/avr/bin/../lib/gcc/avr/7.3.0/../../../../avr/lib/avr5/crtatmega328p.o
                0x00000000                __vector_default
                0x00000000                __vectors
 *(.vectors)
 *(.progmem.gcc*)
                0x00000068                . = ALIGN (0x2)
                0x00000068                __trampolines_start = .
 *(.trampolines)
 .trampolines   0x00000068        0x0 linker stubs
 *(.trampolines*)
                0x00000068                __trampolines_end = .
 *libprintf_flt.a:*(.progmem.data)
 *libc.a:*(.progmem.data)
 *(.progmem*)
                0x00000068                . = ALIGN (0x2)
 *(.jumptables)
 *(.jumptables*)
 *(.lowtext)
 *(.lowtext*)
                0x00000068                __ctors_start = .
 *(.ctors)
                0x00000068                __ctors_end = .
                0x00000068                __dtors_start = .
 *(.dtors)
                0x00000068                __dtors_end = .
 SORT(*)(.ctors)
 SORT(*)(.dtors)
 *(.init0)
 .init0         0x00000068        0x0 c:/arduino-1.8.19/hardware/tools/avr/bin/../lib/gcc/avr/7.3.0/../../../../avr/lib/avr5/crtatmega328p.o
                0x00000068                __init
 *(.init0)
 *(.init1)
 *(.init1)
 *(.init2)
 .init2         0x00000068        0xc c:/arduino-1.8.19/hardware/tools/avr/bin/../lib/gcc/avr/7.3.0/../../../../avr/lib/avr5/crtatmega328p.o
 *(.init2)
 *(.init3)
 *(.init3)
 *(.init4)
 .init4         0x00000074       0x16 c:/arduino-1.8.19/hardware/tools/avr/bin/../lib/gcc/avr/7.3.0/avr5\libgcc.a(_copy_data.o)
                0x00000074                __do_copy_data
 .init4         0x0000008a       0x10 c:/arduino-1.8.19/hardware/tools/avr/bin/../lib/gcc/avr/7.3.0/avr5\libgcc.a(_clear_bss.o)
                0x0000008a                __do_clear_bss
 *(.init4)
 *(.init5)
 *(.init5)
 *(.init6)
 *(.init6)
 *(.init7)
 *(.init7)
 *(.init8)
 *(.init8)
 *(.init9)
 .init9         0x0000009a        0x8 c:/arduino-1.8.19/hardware/tools/avr/bin/../lib/gcc/avr/7.3.0/../../../../avr/lib/avr5/crtatmega328p.o
 *(.init9)
 *(.text)
 .text          0x000000a2        0x4 c:/arduino-1.8.19/hardware/tools/avr/bin/../lib/gcc/avr/7.3.0/../../../../avr/lib/avr5/crtatmega328p.o
                0x000000a2                __vector_22
                0x000000a2                __vector_1
                0x000000a2                __vector_24
                0x000000a2                __vector_12
                0x000000a2                __bad_interrupt
                0x000000a2                __vector_6
                0x000000a2                __vector_3
                0x000000a2                __vector_23
                0x000000a2                __vector_25
                0x000000a2                __vector_11
                0x000000a2                __vector_13
                0x000000a2                __vector_17
                0x000000a2                __vector_19
                0x000000a2                __vector_7
                0x000000a2                __vector_5
                0x000000a2                __vector_4
                0x000000a2                __vector_9
                0x000000a2                __vector_2
                0x000000a2                __vector_21
                0x000000a2                __vector_15
                0x000000a2                __vector_8
                0x000000a2                __vector_14
                0x000000a2                __vector_10
                0x000000a2                __vector_18
                0x000000a2                __vector_20
 .text          0x000000a6      0x124 robosample.o
                0x000000a6                CheckCollision
                0x000000ca                CntrlMotors
                0x000000ee                Navig
                0x0000014e                TestLineSensor
                0x00000166                TaskStart
 .text          0x000001ca      0x4c2 C:\RTprog2023\obj\hal_robo.o
                0x000001ca                ADC_init
                0x000001d8                ADC_read
                0x0000020a                PWM8_write
                0x00000222                motor_init
                0x00000268                motor_set_speed
                0x000002b0                motor_set_dir
                0x0000035a                robo_motorSpeed
                0x000003b6                USART0_init
                0x000003d0                cputchar
                0x000003de                cgetchar
                0x000003f8                cputs
                0x00000410                robo_proxSensor
                0x00000428                robo_lightSensor
                0x00000456                robo_lineSensor
                0x0000047e                robo_bumpSensorR
                0x0000048e                robo_bumpSensorL
                0x000004a0                robo_Honk
                0x000004ca                robo_checkBattery
                0x000004de                robo_goPressed
                0x000004ec                robo_wait4goPress
                0x000004f6                OS_ticks_init
                0x0000050a                HAL_init
                0x00000514                robo_Setup
                0x0000054c                cprintf
 .text          0x0000068c      0x9f2 C:\RTprog2023\obj\kernel.o
                0x0000068c                OSStartHighRdy
                0x000006ec                OSCtxSw
                0x000007a6                OSIntCtxSw
                0x0000080c                OSTickISR
                0x0000080c                __vector_16
                0x000008ca                OSTaskStkInit
                0x0000095e                OSTaskCreateHook
                0x00000960                OSTaskDelHook
                0x00000962                OSTaskSwHook
                0x00000964                OSTaskStatHook
                0x00000966                OSTimeTickHook
                0x00000968                OSInitHookBegin
                0x0000096a                OSInitHookEnd
                0x0000096c                OSTaskIdleHook
                0x0000096e                OSTCBInitHook
                0x00000970                OS_TaskIdle
                0x000009a0                OSIntEnter
                0x000009b8                OSIntExit
                0x00000a5c                OSSchedLock
                0x00000a78                OSStart
                0x00000ad2                OSTimeTick
                0x00000b38                OSVersion
                0x00000b3e                OS_Dummy
                0x00000b40                OS_Sched
                0x00000bc8                OSSchedUnlock
                0x00000c42                OS_TCBInit
                0x00000d06                OSTaskCreate
                0x00000db0                OSInit
                0x00000e64                OSTaskDel
                0x00000f68                OSTaskDelReq
                0x00000f9e                OSTimeDly
                0x00000fa8                OSTimeDlyHMSM
 .text          0x0000107e        0x0 c:/arduino-1.8.19/hardware/tools/avr/bin/../lib/gcc/avr/7.3.0/avr5\libgcc.a(_udivmodhi4.o)
 .text          0x0000107e        0x0 c:/arduino-1.8.19/hardware/tools/avr/bin/../lib/gcc/avr/7.3.0/avr5\libgcc.a(_divmodhi4.o)
 .text          0x0000107e        0x0 c:/arduino-1.8.19/hardware/tools/avr/bin/../lib/gcc/avr/7.3.0/avr5\libgcc.a(_udivmodsi4.o)
 .text          0x0000107e        0x0 c:/arduino-1.8.19/hardware/tools/avr/bin/../lib/gcc/avr/7.3.0/avr5\libgcc.a(_exit.o)
 .text          0x0000107e        0x0 c:/arduino-1.8.19/hardware/tools/avr/bin/../lib/gcc/avr/7.3.0/avr5\libgcc.a(_copy_data.o)
 .text          0x0000107e        0x0 c:/arduino-1.8.19/hardware/tools/avr/bin/../lib/gcc/avr/7.3.0/avr5\libgcc.a(_clear_bss.o)
 .text          0x0000107e        0x0 c:/arduino-1.8.19/hardware/tools/avr/bin/../lib/gcc/avr/7.3.0/avr5\libgcc.a(_umulhisi3.o)
 .text          0x0000107e        0x0 c:/arduino-1.8.19/hardware/tools/avr/bin/../lib/gcc/avr/7.3.0/avr5\libgcc.a(_muluhisi3.o)
                0x0000107e                . = ALIGN (0x2)
 *(.text.*)
 .text.startup  0x0000107e       0x48 robosample.o
                0x0000107e                main
 .text.libgcc.mul
                0x000010c6        0x0 c:/arduino-1.8.19/hardware/tools/avr/bin/../lib/gcc/avr/7.3.0/avr5\libgcc.a(_udivmodhi4.o)
 .text.libgcc.div
                0x000010c6       0x28 c:/arduino-1.8.19/hardware/tools/avr/bin/../lib/gcc/avr/7.3.0/avr5\libgcc.a(_udivmodhi4.o)
                0x000010c6                __udivmodhi4
 .text.libgcc   0x000010ee        0x0 c:/arduino-1.8.19/hardware/tools/avr/bin/../lib/gcc/avr/7.3.0/avr5\libgcc.a(_udivmodhi4.o)
 .text.libgcc.prologue
                0x000010ee        0x0 c:/arduino-1.8.19/hardware/tools/avr/bin/../lib/gcc/avr/7.3.0/avr5\libgcc.a(_udivmodhi4.o)
 .text.libgcc.builtins
                0x000010ee        0x0 c:/arduino-1.8.19/hardware/tools/avr/bin/../lib/gcc/avr/7.3.0/avr5\libgcc.a(_udivmodhi4.o)
 .text.libgcc.fmul
                0x000010ee        0x0 c:/arduino-1.8.19/hardware/tools/avr/bin/../lib/gcc/avr/7.3.0/avr5\libgcc.a(_udivmodhi4.o)
 .text.libgcc.fixed
                0x000010ee        0x0 c:/arduino-1.8.19/hardware/tools/avr/bin/../lib/gcc/avr/7.3.0/avr5\libgcc.a(_udivmodhi4.o)
 .text.libgcc.mul
                0x000010ee        0x0 c:/arduino-1.8.19/hardware/tools/avr/bin/../lib/gcc/avr/7.3.0/avr5\libgcc.a(_divmodhi4.o)
 .text.libgcc.div
                0x000010ee       0x28 c:/arduino-1.8.19/hardware/tools/avr/bin/../lib/gcc/avr/7.3.0/avr5\libgcc.a(_divmodhi4.o)
                0x000010ee                _div
                0x000010ee                __divmodhi4
 .text.libgcc   0x00001116        0x0 c:/arduino-1.8.19/hardware/tools/avr/bin/../lib/gcc/avr/7.3.0/avr5\libgcc.a(_divmodhi4.o)
 .text.libgcc.prologue
                0x00001116        0x0 c:/arduino-1.8.19/hardware/tools/avr/bin/../lib/gcc/avr/7.3.0/avr5\libgcc.a(_divmodhi4.o)
 .text.libgcc.builtins
                0x00001116        0x0 c:/arduino-1.8.19/hardware/tools/avr/bin/../lib/gcc/avr/7.3.0/avr5\libgcc.a(_divmodhi4.o)
 .text.libgcc.fmul
                0x00001116        0x0 c:/arduino-1.8.19/hardware/tools/avr/bin/../lib/gcc/avr/7.3.0/avr5\libgcc.a(_divmodhi4.o)
 .text.libgcc.fixed
                0x00001116        0x0 c:/arduino-1.8.19/hardware/tools/avr/bin/../lib/gcc/avr/7.3.0/avr5\libgcc.a(_divmodhi4.o)
 .text.libgcc.mul
                0x00001116        0x0 c:/arduino-1.8.19/hardware/tools/avr/bin/../lib/gcc/avr/7.3.0/avr5\libgcc.a(_udivmodsi4.o)
 .text.libgcc.div
                0x00001116       0x44 c:/arduino-1.8.19/hardware/tools/avr/bin/../lib/gcc/avr/7.3.0/avr5\libgcc.a(_udivmodsi4.o)
                0x00001116                __udivmodsi4
 .text.libgcc   0x0000115a        0x0 c:/arduino-1.8.19/hardware/tools/avr/bin/../lib/gcc/avr/7.3.0/avr5\libgcc.a(_udivmodsi4.o)
 .text.libgcc.prologue
                0x0000115a        0x0 c:/arduino-1.8.19/hardware/tools/avr/bin/../lib/gcc/avr/7.3.0/avr5\libgcc.a(_udivmodsi4.o)
 .text.libgcc.builtins
                0x0000115a        0x0 c:/arduino-1.8.19/hardware/tools/avr/bin/../lib/gcc/avr/7.3.0/avr5\libgcc.a(_udivmodsi4.o)
 .text.libgcc.fmul
                0x0000115a        0x0 c:/arduino-1.8.19/hardware/tools/avr/bin/../lib/gcc/avr/7.3.0/avr5\libgcc.a(_udivmodsi4.o)
 .text.libgcc.fixed
                0x0000115a        0x0 c:/arduino-1.8.19/hardware/tools/avr/bin/../lib/gcc/avr/7.3.0/avr5\libgcc.a(_udivmodsi4.o)
 .text.libgcc.mul
                0x0000115a        0x0 c:/arduino-1.8.19/hardware/tools/avr/bin/../lib/gcc/avr/7.3.0/avr5\libgcc.a(_exit.o)
 .text.libgcc.div
                0x0000115a        0x0 c:/arduino-1.8.19/hardware/tools/avr/bin/../lib/gcc/avr/7.3.0/avr5\libgcc.a(_exit.o)
 .text.libgcc   0x0000115a        0x0 c:/arduino-1.8.19/hardware/tools/avr/bin/../lib/gcc/avr/7.3.0/avr5\libgcc.a(_exit.o)
 .text.libgcc.prologue
                0x0000115a        0x0 c:/arduino-1.8.19/hardware/tools/avr/bin/../lib/gcc/avr/7.3.0/avr5\libgcc.a(_exit.o)
 .text.libgcc.builtins
                0x0000115a        0x0 c:/arduino-1.8.19/hardware/tools/avr/bin/../lib/gcc/avr/7.3.0/avr5\libgcc.a(_exit.o)
 .text.libgcc.fmul
                0x0000115a        0x0 c:/arduino-1.8.19/hardware/tools/avr/bin/../lib/gcc/avr/7.3.0/avr5\libgcc.a(_exit.o)
 .text.libgcc.fixed
                0x0000115a        0x0 c:/arduino-1.8.19/hardware/tools/avr/bin/../lib/gcc/avr/7.3.0/avr5\libgcc.a(_exit.o)
 .text.libgcc.mul
                0x0000115a        0x0 c:/arduino-1.8.19/hardware/tools/avr/bin/../lib/gcc/avr/7.3.0/avr5\libgcc.a(_copy_data.o)
 .text.libgcc.div
                0x0000115a        0x0 c:/arduino-1.8.19/hardware/tools/avr/bin/../lib/gcc/avr/7.3.0/avr5\libgcc.a(_copy_data.o)
 .text.libgcc   0x0000115a        0x0 c:/arduino-1.8.19/hardware/tools/avr/bin/../lib/gcc/avr/7.3.0/avr5\libgcc.a(_copy_data.o)
 .text.libgcc.prologue
                0x0000115a        0x0 c:/arduino-1.8.19/hardware/tools/avr/bin/../lib/gcc/avr/7.3.0/avr5\libgcc.a(_copy_data.o)
 .text.libgcc.builtins
                0x0000115a        0x0 c:/arduino-1.8.19/hardware/tools/avr/bin/../lib/gcc/avr/7.3.0/avr5\libgcc.a(_copy_data.o)
 .text.libgcc.fmul
                0x0000115a        0x0 c:/arduino-1.8.19/hardware/tools/avr/bin/../lib/gcc/avr/7.3.0/avr5\libgcc.a(_copy_data.o)
 .text.libgcc.fixed
                0x0000115a        0x0 c:/arduino-1.8.19/hardware/tools/avr/bin/../lib/gcc/avr/7.3.0/avr5\libgcc.a(_copy_data.o)
 .text.libgcc.mul
                0x0000115a        0x0 c:/arduino-1.8.19/hardware/tools/avr/bin/../lib/gcc/avr/7.3.0/avr5\libgcc.a(_clear_bss.o)
 .text.libgcc.div
                0x0000115a        0x0 c:/arduino-1.8.19/hardware/tools/avr/bin/../lib/gcc/avr/7.3.0/avr5\libgcc.a(_clear_bss.o)
 .text.libgcc   0x0000115a        0x0 c:/arduino-1.8.19/hardware/tools/avr/bin/../lib/gcc/avr/7.3.0/avr5\libgcc.a(_clear_bss.o)
 .text.libgcc.prologue
                0x0000115a        0x0 c:/arduino-1.8.19/hardware/tools/avr/bin/../lib/gcc/avr/7.3.0/avr5\libgcc.a(_clear_bss.o)
 .text.libgcc.builtins
                0x0000115a        0x0 c:/arduino-1.8.19/hardware/tools/avr/bin/../lib/gcc/avr/7.3.0/avr5\libgcc.a(_clear_bss.o)
 .text.libgcc.fmul
                0x0000115a        0x0 c:/arduino-1.8.19/hardware/tools/avr/bin/../lib/gcc/avr/7.3.0/avr5\libgcc.a(_clear_bss.o)
 .text.libgcc.fixed
                0x0000115a        0x0 c:/arduino-1.8.19/hardware/tools/avr/bin/../lib/gcc/avr/7.3.0/avr5\libgcc.a(_clear_bss.o)
 .text.libgcc.mul
                0x0000115a       0x1e c:/arduino-1.8.19/hardware/tools/avr/bin/../lib/gcc/avr/7.3.0/avr5\libgcc.a(_umulhisi3.o)
                0x0000115a                __umulhisi3
 .text.libgcc.div
                0x00001178        0x0 c:/arduino-1.8.19/hardware/tools/avr/bin/../lib/gcc/avr/7.3.0/avr5\libgcc.a(_umulhisi3.o)
 .text.libgcc   0x00001178        0x0 c:/arduino-1.8.19/hardware/tools/avr/bin/../lib/gcc/avr/7.3.0/avr5\libgcc.a(_umulhisi3.o)
 .text.libgcc.prologue
                0x00001178        0x0 c:/arduino-1.8.19/hardware/tools/avr/bin/../lib/gcc/avr/7.3.0/avr5\libgcc.a(_umulhisi3.o)
 .text.libgcc.builtins
                0x00001178        0x0 c:/arduino-1.8.19/hardware/tools/avr/bin/../lib/gcc/avr/7.3.0/avr5\libgcc.a(_umulhisi3.o)
 .text.libgcc.fmul
                0x00001178        0x0 c:/arduino-1.8.19/hardware/tools/avr/bin/../lib/gcc/avr/7.3.0/avr5\libgcc.a(_umulhisi3.o)
 .text.libgcc.fixed
                0x00001178        0x0 c:/arduino-1.8.19/hardware/tools/avr/bin/../lib/gcc/avr/7.3.0/avr5\libgcc.a(_umulhisi3.o)
 .text.libgcc.mul
                0x00001178       0x16 c:/arduino-1.8.19/hardware/tools/avr/bin/../lib/gcc/avr/7.3.0/avr5\libgcc.a(_muluhisi3.o)
                0x00001178                __muluhisi3
 .text.libgcc.div
                0x0000118e        0x0 c:/arduino-1.8.19/hardware/tools/avr/bin/../lib/gcc/avr/7.3.0/avr5\libgcc.a(_muluhisi3.o)
 .text.libgcc   0x0000118e        0x0 c:/arduino-1.8.19/hardware/tools/avr/bin/../lib/gcc/avr/7.3.0/avr5\libgcc.a(_muluhisi3.o)
 .text.libgcc.prologue
                0x0000118e        0x0 c:/arduino-1.8.19/hardware/tools/avr/bin/../lib/gcc/avr/7.3.0/avr5\libgcc.a(_muluhisi3.o)
 .text.libgcc.builtins
                0x0000118e        0x0 c:/arduino-1.8.19/hardware/tools/avr/bin/../lib/gcc/avr/7.3.0/avr5\libgcc.a(_muluhisi3.o)
 .text.libgcc.fmul
                0x0000118e        0x0 c:/arduino-1.8.19/hardware/tools/avr/bin/../lib/gcc/avr/7.3.0/avr5\libgcc.a(_muluhisi3.o)
 .text.libgcc.fixed
                0x0000118e        0x0 c:/arduino-1.8.19/hardware/tools/avr/bin/../lib/gcc/avr/7.3.0/avr5\libgcc.a(_muluhisi3.o)
                0x0000118e                . = ALIGN (0x2)
 *(.fini9)
 .fini9         0x0000118e        0x0 c:/arduino-1.8.19/hardware/tools/avr/bin/../lib/gcc/avr/7.3.0/avr5\libgcc.a(_exit.o)
                0x0000118e                _exit
                0x0000118e                exit
 *(.fini9)
 *(.fini8)
 *(.fini8)
 *(.fini7)
 *(.fini7)
 *(.fini6)
 *(.fini6)
 *(.fini5)
 *(.fini5)
 *(.fini4)
 *(.fini4)
 *(.fini3)
 *(.fini3)
 *(.fini2)
 *(.fini2)
 *(.fini1)
 *(.fini1)
 *(.fini0)
 .fini0         0x0000118e        0x4 c:/arduino-1.8.19/hardware/tools/avr/bin/../lib/gcc/avr/7.3.0/avr5\libgcc.a(_exit.o)
 *(.fini0)
                0x00001192                _etext = .

.data           0x00800100      0x11a load address 0x00001192
                0x00800100                PROVIDE (__data_start, .)
 *(.data)
 .data          0x00800100        0x0 c:/arduino-1.8.19/hardware/tools/avr/bin/../lib/gcc/avr/7.3.0/../../../../avr/lib/avr5/crtatmega328p.o
 .data          0x00800100        0x0 robosample.o
 .data          0x00800100        0x0 C:\RTprog2023\obj\hal_robo.o
 .data          0x00800100      0x108 C:\RTprog2023\obj\kernel.o
                0x00800100                OSUnMapTbl
                0x00800200                OSMapTbl
 .data          0x00800208        0x0 c:/arduino-1.8.19/hardware/tools/avr/bin/../lib/gcc/avr/7.3.0/avr5\libgcc.a(_udivmodhi4.o)
 .data          0x00800208        0x0 c:/arduino-1.8.19/hardware/tools/avr/bin/../lib/gcc/avr/7.3.0/avr5\libgcc.a(_divmodhi4.o)
 .data          0x00800208        0x0 c:/arduino-1.8.19/hardware/tools/avr/bin/../lib/gcc/avr/7.3.0/avr5\libgcc.a(_udivmodsi4.o)
 .data          0x00800208        0x0 c:/arduino-1.8.19/hardware/tools/avr/bin/../lib/gcc/avr/7.3.0/avr5\libgcc.a(_exit.o)
 .data          0x00800208        0x0 c:/arduino-1.8.19/hardware/tools/avr/bin/../lib/gcc/avr/7.3.0/avr5\libgcc.a(_copy_data.o)
 .data          0x00800208        0x0 c:/arduino-1.8.19/hardware/tools/avr/bin/../lib/gcc/avr/7.3.0/avr5\libgcc.a(_clear_bss.o)
 .data          0x00800208        0x0 c:/arduino-1.8.19/hardware/tools/avr/bin/../lib/gcc/avr/7.3.0/avr5\libgcc.a(_umulhisi3.o)
 .data          0x00800208        0x0 c:/arduino-1.8.19/hardware/tools/avr/bin/../lib/gcc/avr/7.3.0/avr5\libgcc.a(_muluhisi3.o)
 *(.data*)
 *(.gnu.linkonce.d*)
 *(.rodata)
 .rodata        0x00800208       0x11 C:\RTprog2023\obj\hal_robo.o
 *(.rodata*)
 *(.gnu.linkonce.r*)
                0x0080021a                . = ALIGN (0x2)
 *fill*         0x00800219        0x1 
                0x0080021a                _edata = .
                0x0080021a                PROVIDE (__data_end, .)

.bss            0x0080021a      0x409
                0x0080021a                PROVIDE (__bss_start, .)
 *(.bss)
 .bss           0x0080021a        0x0 c:/arduino-1.8.19/hardware/tools/avr/bin/../lib/gcc/avr/7.3.0/../../../../avr/lib/avr5/crtatmega328p.o
 .bss           0x0080021a        0x0 robosample.o
 .bss           0x0080021a        0x0 C:\RTprog2023\obj\hal_robo.o
 .bss           0x0080021a        0x0 C:\RTprog2023\obj\kernel.o
 .bss           0x0080021a        0x0 c:/arduino-1.8.19/hardware/tools/avr/bin/../lib/gcc/avr/7.3.0/avr5\libgcc.a(_udivmodhi4.o)
 .bss           0x0080021a        0x0 c:/arduino-1.8.19/hardware/tools/avr/bin/../lib/gcc/avr/7.3.0/avr5\libgcc.a(_divmodhi4.o)
 .bss           0x0080021a        0x0 c:/arduino-1.8.19/hardware/tools/avr/bin/../lib/gcc/avr/7.3.0/avr5\libgcc.a(_udivmodsi4.o)
 .bss           0x0080021a        0x0 c:/arduino-1.8.19/hardware/tools/avr/bin/../lib/gcc/avr/7.3.0/avr5\libgcc.a(_exit.o)
 .bss           0x0080021a        0x0 c:/arduino-1.8.19/hardware/tools/avr/bin/../lib/gcc/avr/7.3.0/avr5\libgcc.a(_copy_data.o)
 .bss           0x0080021a        0x0 c:/arduino-1.8.19/hardware/tools/avr/bin/../lib/gcc/avr/7.3.0/avr5\libgcc.a(_clear_bss.o)
 .bss           0x0080021a        0x0 c:/arduino-1.8.19/hardware/tools/avr/bin/../lib/gcc/avr/7.3.0/avr5\libgcc.a(_umulhisi3.o)
 .bss           0x0080021a        0x0 c:/arduino-1.8.19/hardware/tools/avr/bin/../lib/gcc/avr/7.3.0/avr5\libgcc.a(_muluhisi3.o)
 *(.bss*)
 *(COMMON)
 COMMON         0x0080021a      0x285 robosample.o
                0x0080021a                ChkCollideStk
                0x0080029a                myrobot
                0x0080029f                CtrlmotorStk
                0x0080031f                TaskStartStk
                0x0080039f                LineStk
                0x0080041f                NavigStk
 COMMON         0x0080049f        0x8 C:\RTprog2023\obj\hal_robo.o
                0x0080049f                rightWst
                0x008004a3                leftWst
 COMMON         0x008004a7      0x17c C:\RTprog2023\obj\kernel.o
                0x008004a7                OSLockNesting
                0x008004a8                OSRunning
                0x008004a9                OSIdleCtr
                0x008004ad                OSPrioHighRdy
                0x008004ae                OSPrioCur
                0x008004af                OSTCBList
                0x008004b1                OSCtxSwCtr
                0x008004b5                OSTCBFreeList
                0x008004b7                OSTaskCtr
                0x008004b8                OSTCBHighRdy
                0x008004ba                OSRdyGrp
                0x008004bb                OSRdyTbl
                0x008004be                OSIntExitY
                0x008004bf                OSIntNesting
                0x008004c0                OSTCBCur
                0x008004c2                OSTaskIdleStk
                0x00800502                OSTCBTbl
                0x00800601                OSTCBPrioTbl
                0x00800623                PROVIDE (__bss_end, .)
                0x00001192                __data_load_start = LOADADDR (.data)
                0x000012ac                __data_load_end = (__data_load_start + SIZEOF (.data))

.noinit         0x00800623        0x0
                [!provide]                PROVIDE (__noinit_start, .)
 *(.noinit*)
                [!provide]                PROVIDE (__noinit_end, .)
                0x00800623                _end = .
                [!provide]                PROVIDE (__heap_start, .)

.eeprom         0x00810000        0x0
 *(.eeprom*)
                0x00810000                __eeprom_end = .

.fuse
 *(.fuse)
 *(.lfuse)
 *(.hfuse)
 *(.efuse)

.lock
 *(.lock*)

.signature
 *(.signature*)

.user_signatures
 *(.user_signatures*)

.stab
 *(.stab)

.stabstr
 *(.stabstr)

.stab.excl
 *(.stab.excl)

.stab.exclstr
 *(.stab.exclstr)

.stab.index
 *(.stab.index)

.stab.indexstr
 *(.stab.indexstr)

.comment        0x00000000       0x11
 *(.comment)
 .comment       0x00000000       0x11 robosample.o
                                 0x12 (size before relaxing)
 .comment       0x00000011       0x12 C:\RTprog2023\obj\hal_robo.o
 .comment       0x00000011       0x24 C:\RTprog2023\obj\kernel.o

.note.gnu.avr.deviceinfo
                0x00000000       0x40
 .note.gnu.avr.deviceinfo
                0x00000000       0x40 c:/arduino-1.8.19/hardware/tools/avr/bin/../lib/gcc/avr/7.3.0/../../../../avr/lib/avr5/crtatmega328p.o

.note.gnu.build-id
 *(.note.gnu.build-id)

.debug
 *(.debug)

.line
 *(.line)

.debug_srcinfo
 *(.debug_srcinfo)

.debug_sfnames
 *(.debug_sfnames)

.debug_aranges  0x00000000      0x148
 *(.debug_aranges)
 .debug_aranges
                0x00000000       0x28 robosample.o
 .debug_aranges
                0x00000028       0x20 C:\RTprog2023\obj\kernel.o
 .debug_aranges
                0x00000048       0x20 c:/arduino-1.8.19/hardware/tools/avr/bin/../lib/gcc/avr/7.3.0/avr5\libgcc.a(_udivmodhi4.o)
 .debug_aranges
                0x00000068       0x20 c:/arduino-1.8.19/hardware/tools/avr/bin/../lib/gcc/avr/7.3.0/avr5\libgcc.a(_divmodhi4.o)
 .debug_aranges
                0x00000088       0x20 c:/arduino-1.8.19/hardware/tools/avr/bin/../lib/gcc/avr/7.3.0/avr5\libgcc.a(_udivmodsi4.o)
 .debug_aranges
                0x000000a8       0x20 c:/arduino-1.8.19/hardware/tools/avr/bin/../lib/gcc/avr/7.3.0/avr5\libgcc.a(_exit.o)
 .debug_aranges
                0x000000c8       0x20 c:/arduino-1.8.19/hardware/tools/avr/bin/../lib/gcc/avr/7.3.0/avr5\libgcc.a(_copy_data.o)
 .debug_aranges
                0x000000e8       0x20 c:/arduino-1.8.19/hardware/tools/avr/bin/../lib/gcc/avr/7.3.0/avr5\libgcc.a(_clear_bss.o)
 .debug_aranges
                0x00000108       0x20 c:/arduino-1.8.19/hardware/tools/avr/bin/../lib/gcc/avr/7.3.0/avr5\libgcc.a(_umulhisi3.o)
 .debug_aranges
                0x00000128       0x20 c:/arduino-1.8.19/hardware/tools/avr/bin/../lib/gcc/avr/7.3.0/avr5\libgcc.a(_muluhisi3.o)

.debug_pubnames
 *(.debug_pubnames)

.debug_info     0x00000000     0x14cb
 *(.debug_info .gnu.linkonce.wi.*)
 .debug_info    0x00000000      0x5f4 c:/arduino-1.8.19/hardware/tools/avr/bin/../lib/gcc/avr/7.3.0/../../../../avr/lib/avr5/crtatmega328p.o
 .debug_info    0x000005f4      0x876 robosample.o
 .debug_info    0x00000e6a       0x89 C:\RTprog2023\obj\kernel.o
 .debug_info    0x00000ef3       0xbb c:/arduino-1.8.19/hardware/tools/avr/bin/../lib/gcc/avr/7.3.0/avr5\libgcc.a(_udivmodhi4.o)
 .debug_info    0x00000fae       0xbb c:/arduino-1.8.19/hardware/tools/avr/bin/../lib/gcc/avr/7.3.0/avr5\libgcc.a(_divmodhi4.o)
 .debug_info    0x00001069       0xbb c:/arduino-1.8.19/hardware/tools/avr/bin/../lib/gcc/avr/7.3.0/avr5\libgcc.a(_udivmodsi4.o)
 .debug_info    0x00001124       0xbb c:/arduino-1.8.19/hardware/tools/avr/bin/../lib/gcc/avr/7.3.0/avr5\libgcc.a(_exit.o)
 .debug_info    0x000011df       0xbb c:/arduino-1.8.19/hardware/tools/avr/bin/../lib/gcc/avr/7.3.0/avr5\libgcc.a(_copy_data.o)
 .debug_info    0x0000129a       0xbb c:/arduino-1.8.19/hardware/tools/avr/bin/../lib/gcc/avr/7.3.0/avr5\libgcc.a(_clear_bss.o)
 .debug_info    0x00001355       0xbb c:/arduino-1.8.19/hardware/tools/avr/bin/../lib/gcc/avr/7.3.0/avr5\libgcc.a(_umulhisi3.o)
 .debug_info    0x00001410       0xbb c:/arduino-1.8.19/hardware/tools/avr/bin/../lib/gcc/avr/7.3.0/avr5\libgcc.a(_muluhisi3.o)

.debug_abbrev   0x00000000      0x815
 *(.debug_abbrev)
 .debug_abbrev  0x00000000      0x5a2 c:/arduino-1.8.19/hardware/tools/avr/bin/../lib/gcc/avr/7.3.0/../../../../avr/lib/avr5/crtatmega328p.o
 .debug_abbrev  0x000005a2      0x1bf robosample.o
 .debug_abbrev  0x00000761       0x14 C:\RTprog2023\obj\kernel.o
 .debug_abbrev  0x00000775       0x14 c:/arduino-1.8.19/hardware/tools/avr/bin/../lib/gcc/avr/7.3.0/avr5\libgcc.a(_udivmodhi4.o)
 .debug_abbrev  0x00000789       0x14 c:/arduino-1.8.19/hardware/tools/avr/bin/../lib/gcc/avr/7.3.0/avr5\libgcc.a(_divmodhi4.o)
 .debug_abbrev  0x0000079d       0x14 c:/arduino-1.8.19/hardware/tools/avr/bin/../lib/gcc/avr/7.3.0/avr5\libgcc.a(_udivmodsi4.o)
 .debug_abbrev  0x000007b1       0x14 c:/arduino-1.8.19/hardware/tools/avr/bin/../lib/gcc/avr/7.3.0/avr5\libgcc.a(_exit.o)
 .debug_abbrev  0x000007c5       0x14 c:/arduino-1.8.19/hardware/tools/avr/bin/../lib/gcc/avr/7.3.0/avr5\libgcc.a(_copy_data.o)
 .debug_abbrev  0x000007d9       0x14 c:/arduino-1.8.19/hardware/tools/avr/bin/../lib/gcc/avr/7.3.0/avr5\libgcc.a(_clear_bss.o)
 .debug_abbrev  0x000007ed       0x14 c:/arduino-1.8.19/hardware/tools/avr/bin/../lib/gcc/avr/7.3.0/avr5\libgcc.a(_umulhisi3.o)
 .debug_abbrev  0x00000801       0x14 c:/arduino-1.8.19/hardware/tools/avr/bin/../lib/gcc/avr/7.3.0/avr5\libgcc.a(_muluhisi3.o)

.debug_line     0x00000000      0x9bf
 *(.debug_line .debug_line.* .debug_line_end)
 .debug_line    0x00000000       0x1a c:/arduino-1.8.19/hardware/tools/avr/bin/../lib/gcc/avr/7.3.0/../../../../avr/lib/avr5/crtatmega328p.o
 .debug_line    0x0000001a      0x23e robosample.o
 .debug_line    0x00000258      0x1ed C:\RTprog2023\obj\kernel.o
 .debug_line    0x00000445       0xce c:/arduino-1.8.19/hardware/tools/avr/bin/../lib/gcc/avr/7.3.0/avr5\libgcc.a(_udivmodhi4.o)
 .debug_line    0x00000513       0xc8 c:/arduino-1.8.19/hardware/tools/avr/bin/../lib/gcc/avr/7.3.0/avr5\libgcc.a(_divmodhi4.o)
 .debug_line    0x000005db      0x122 c:/arduino-1.8.19/hardware/tools/avr/bin/../lib/gcc/avr/7.3.0/avr5\libgcc.a(_udivmodsi4.o)
 .debug_line    0x000006fd       0x62 c:/arduino-1.8.19/hardware/tools/avr/bin/../lib/gcc/avr/7.3.0/avr5\libgcc.a(_exit.o)
 .debug_line    0x0000075f       0x98 c:/arduino-1.8.19/hardware/tools/avr/bin/../lib/gcc/avr/7.3.0/avr5\libgcc.a(_copy_data.o)
 .debug_line    0x000007f7       0x86 c:/arduino-1.8.19/hardware/tools/avr/bin/../lib/gcc/avr/7.3.0/avr5\libgcc.a(_clear_bss.o)
 .debug_line    0x0000087d       0xb0 c:/arduino-1.8.19/hardware/tools/avr/bin/../lib/gcc/avr/7.3.0/avr5\libgcc.a(_umulhisi3.o)
 .debug_line    0x0000092d       0x92 c:/arduino-1.8.19/hardware/tools/avr/bin/../lib/gcc/avr/7.3.0/avr5\libgcc.a(_muluhisi3.o)

.debug_frame    0x00000000       0x74
 *(.debug_frame)
 .debug_frame   0x00000000       0x74 robosample.o

.debug_str      0x00000000      0x63a
 *(.debug_str)
 .debug_str     0x00000000      0x208 c:/arduino-1.8.19/hardware/tools/avr/bin/../lib/gcc/avr/7.3.0/../../../../avr/lib/avr5/crtatmega328p.o
 .debug_str     0x00000208      0x432 robosample.o
                                0x470 (size before relaxing)

.debug_loc      0x00000000       0xa0
 *(.debug_loc)
 .debug_loc     0x00000000       0xa0 robosample.o

.debug_macinfo
 *(.debug_macinfo)

.debug_weaknames
 *(.debug_weaknames)

.debug_funcnames
 *(.debug_funcnames)

.debug_typenames
 *(.debug_typenames)

.debug_varnames
 *(.debug_varnames)

.debug_pubtypes
 *(.debug_pubtypes)

.debug_ranges   0x00000000       0x18
 *(.debug_ranges)
 .debug_ranges  0x00000000       0x18 robosample.o

.debug_macro
 *(.debug_macro)
OUTPUT(robosample.elf elf32-avr)
LOAD linker stubs
